Archive member included to satisfy reference by file (symbol)

/opt/esp/esp32projects/controlledPWM/build/cxx/libcxx.a(cxx_guards.o)
                              (__cxa_guard_dummy)
/opt/esp/esp32projects/controlledPWM/build/cxx/libcxx.a(cxx_exception_stubs.o)
                              (__cxx_fatal_exception)
/opt/esp/esp32projects/controlledPWM/build/esp32/libesp32.a(panic.o)
                              /opt/esp/esp32projects/controlledPWM/build/cxx/libcxx.a(cxx_guards.o) (abort)
/opt/esp/esp32projects/controlledPWM/build/esp32/libesp32.a(system_api.o)
                              /opt/esp/esp32projects/controlledPWM/build/esp32/libesp32.a(panic.o) (esp_restart_noos)
/opt/esp/esp32projects/controlledPWM/build/esp32/libesp32.a(cpu_start.o)
                              (call_start_cpu0)
/opt/esp/esp32projects/controlledPWM/build/esp32/libesp32.a(clk.o)
                              /opt/esp/esp32projects/controlledPWM/build/esp32/libesp32.a(cpu_start.o) (esp_clk_init)
/opt/esp/esp32projects/controlledPWM/build/esp32/libesp32.a(crosscore_int.o)
                              /opt/esp/esp32projects/controlledPWM/build/esp32/libesp32.a(cpu_start.o) (esp_crosscore_int_init)
/opt/esp/esp32projects/controlledPWM/build/esp32/libesp32.a(cache_err_int.o)
                              /opt/esp/esp32projects/controlledPWM/build/esp32/libesp32.a(cpu_start.o) (esp_cache_err_int_init)
/opt/esp/esp32projects/controlledPWM/build/esp32/libesp32.a(ipc.o)
                              /opt/esp/esp32projects/controlledPWM/build/esp32/libesp32.a(cpu_start.o) (esp_ipc_init)
/opt/esp/esp32projects/controlledPWM/build/esp32/libesp32.a(intr_alloc.o)
                              /opt/esp/esp32projects/controlledPWM/build/esp32/libesp32.a(crosscore_int.o) (esp_intr_alloc)
/opt/esp/esp32projects/controlledPWM/build/esp32/libesp32.a(int_wdt.o)
                              /opt/esp/esp32projects/controlledPWM/build/esp32/libesp32.a(cpu_start.o) (esp_int_wdt_init)
/opt/esp/esp32projects/controlledPWM/build/esp32/libesp32.a(esp_err_to_name.o)
                              /opt/esp/esp32projects/controlledPWM/build/esp32/libesp32.a(panic.o) (esp_err_to_name)
/opt/esp/esp32projects/controlledPWM/build/esp32/libesp32.a(esp_timer.o)
                              /opt/esp/esp32projects/controlledPWM/build/esp32/libesp32.a(cpu_start.o) (esp_timer_init)
/opt/esp/esp32projects/controlledPWM/build/esp32/libesp32.a(dport_access.o)
                              /opt/esp/esp32projects/controlledPWM/build/esp32/libesp32.a(system_api.o) (esp_dport_access_stall_other_cpu_start)
/opt/esp/esp32projects/controlledPWM/build/esp32/libesp32.a(brownout.o)
                              /opt/esp/esp32projects/controlledPWM/build/esp32/libesp32.a(cpu_start.o) (esp_brownout_init)
/opt/esp/esp32projects/controlledPWM/build/esp32/libesp32.a(dport_panic_highint_hdl.o)
                              (ld_include_panic_highint_hdl)
/opt/esp/esp32projects/controlledPWM/build/esp32/libesp32.a(task_wdt.o)
                              /opt/esp/esp32projects/controlledPWM/build/esp32/libesp32.a(cpu_start.o) (esp_task_wdt_init)
/opt/esp/esp32projects/controlledPWM/build/esp32/libesp32.a(dbg_stubs.o)
                              /opt/esp/esp32projects/controlledPWM/build/esp32/libesp32.a(cpu_start.o) (esp_dbg_stubs_init)
/opt/esp/esp32projects/controlledPWM/build/esp32/libesp32.a(esp_timer_esp32.o)
                              /opt/esp/esp32projects/controlledPWM/build/esp32/libesp32.a(esp_timer.o) (esp_timer_impl_get_time)
/opt/esp/esp32projects/controlledPWM/build/esp32/libesp32.a(freertos_hooks.o)
                              /opt/esp/esp32projects/controlledPWM/build/esp32/libesp32.a(task_wdt.o) (esp_register_freertos_idle_hook_for_cpu)
/opt/esp/esp-idf/components/esp32/libhal.a(int_asm--set_intclear.o)
                              /opt/esp/esp32projects/controlledPWM/build/esp32/libesp32.a(intr_alloc.o) (xthal_set_intclear)
/opt/esp/esp32projects/controlledPWM/build/freertos/libfreertos.a(xtensa_intr.o)
                              /opt/esp/esp32projects/controlledPWM/build/esp32/libesp32.a(intr_alloc.o) (xt_unhandled_interrupt)
/opt/esp/esp32projects/controlledPWM/build/freertos/libfreertos.a(queue.o)
                              /opt/esp/esp32projects/controlledPWM/build/esp32/libesp32.a(ipc.o) (xQueueGenericCreate)
/opt/esp/esp32projects/controlledPWM/build/freertos/libfreertos.a(list.o)
                              /opt/esp/esp32projects/controlledPWM/build/freertos/libfreertos.a(queue.o) (vListInitialise)
/opt/esp/esp32projects/controlledPWM/build/freertos/libfreertos.a(port.o)
                              /opt/esp/esp32projects/controlledPWM/build/esp32/libesp32.a(cpu_start.o) (port_xSchedulerRunning)
/opt/esp/esp32projects/controlledPWM/build/freertos/libfreertos.a(tasks.o)
                              /opt/esp/esp32projects/controlledPWM/build/esp32/libesp32.a(system_api.o) (vTaskSuspendAll)
[...]
Memory Configuration

Name             Origin             Length             Attributes
iram0_0_seg      0x0000000040080000 0x0000000000020000 xr
iram0_2_seg      0x00000000400d0018 0x000000000032ffe8 xr
dram0_0_seg      0x000000003ffb0000 0x000000000002c200 rw
drom0_0_seg      0x000000003f400018 0x00000000003fffe8 r
rtc_iram_seg     0x00000000400c0000 0x0000000000002000 xrw
rtc_slow_seg     0x0000000050000000 0x0000000000001000 rw
*default*        0x0000000000000000 0xffffffffffffffff

Linker script and memory map

START GROUP
LOAD /opt/esp/esp32projects/controlledPWM/build/app_trace/libapp_trace.a
LOAD /opt/esp/esp32projects/controlledPWM/build/app_update/libapp_update.a
LOAD /opt/esp/esp32projects/controlledPWM/build/asio/libasio.a
LOAD /opt/esp/esp32projects/controlledPWM/build/bootloader_support/libbootloader_support.a
LOAD /opt/esp/esp32projects/controlledPWM/build/bt/libbt.a
LOAD /opt/esp/esp32projects/controlledPWM/build/coap/libcoap.a
LOAD /opt/esp/esp32projects/controlledPWM/build/console/libconsole.a
LOAD /opt/esp/esp32projects/controlledPWM/build/cxx/libcxx.a
LOAD /opt/esp/esp32projects/controlledPWM/build/driver/libdriver.a
LOAD /opt/esp/esp32projects/controlledPWM/build/esp-tls/libesp-tls.a
LOAD /opt/esp/esp32projects/controlledPWM/build/esp32/libesp32.a
LOAD /opt/esp/esp-idf/components/esp32/libhal.a
LOAD /opt/esp/esp-idf/components/esp32/lib/libcore.a
LOAD /opt/esp/esp-idf/components/esp32/lib/librtc.a
LOAD /opt/esp/esp-idf/components/esp32/lib/libnet80211.a
LOAD /opt/esp/esp-idf/components/esp32/lib/libpp.a
LOAD /opt/esp/esp-idf/components/esp32/lib/libwpa.a
LOAD /opt/esp/esp-idf/components/esp32/lib/libsmartconfig.a
LOAD /opt/esp/esp-idf/components/esp32/lib/libcoexist.a
LOAD /opt/esp/esp-idf/components/esp32/lib/libwps.a
LOAD /opt/esp/esp-idf/components/esp32/lib/libwpa2.a
LOAD /opt/esp/esp-idf/components/esp32/lib/libespnow.a
LOAD /opt/esp/esp-idf/components/esp32/lib/libphy.a
LOAD /opt/esp/esp-idf/components/esp32/lib/libmesh.a
LOAD /opt/esp/esp32projects/controlledPWM/build/esp_adc_cal/libesp_adc_cal.a
LOAD /opt/esp/esp32projects/controlledPWM/build/esp_http_client/libesp_http_client.a
LOAD /opt/esp/esp32projects/controlledPWM/build/esp_https_ota/libesp_https_ota.a
LOAD /opt/esp/esp32projects/controlledPWM/build/esp_ringbuf/libesp_ringbuf.a
LOAD /opt/esp/esp32projects/controlledPWM/build/ethernet/libethernet.a
LOAD /opt/esp/esp32projects/controlledPWM/build/expat/libexpat.a
LOAD /opt/esp/esp32projects/controlledPWM/build/fatfs/libfatfs.a
LOAD /opt/esp/esp32projects/controlledPWM/build/freertos/libfreertos.a
LOAD /opt/esp/esp32projects/controlledPWM/build/heap/libheap.a
LOAD /opt/esp/esp32projects/controlledPWM/build/http_server/libhttp_server.a
LOAD /opt/esp/esp32projects/controlledPWM/build/idf_test/libidf_test.a
LOAD /opt/esp/esp32projects/controlledPWM/build/jsmn/libjsmn.a
LOAD /opt/esp/esp32projects/controlledPWM/build/json/libjson.a
LOAD /opt/esp/esp32projects/controlledPWM/build/libsodium/liblibsodium.a
LOAD /opt/esp/esp32projects/controlledPWM/build/log/liblog.a
LOAD /opt/esp/esp32projects/controlledPWM/build/lwip/liblwip.a
LOAD /opt/esp/esp32projects/controlledPWM/build/main/libmain.a
LOAD /opt/esp/esp32projects/controlledPWM/build/mbedtls/libmbedtls.a
LOAD /opt/esp/esp32projects/controlledPWM/build/mdns/libmdns.a
LOAD /opt/esp/esp32projects/controlledPWM/build/micro-ecc/libmicro-ecc.a
LOAD /opt/esp/esp32projects/controlledPWM/build/mqtt/libmqtt.a
LOAD /opt/esp/esp-idf/components/newlib/lib/libc.a
LOAD /opt/esp/esp-idf/components/newlib/lib/libm.a
LOAD /opt/esp/esp32projects/controlledPWM/build/newlib/libnewlib.a
LOAD /opt/esp/esp32projects/controlledPWM/build/nghttp/libnghttp.a
LOAD /opt/esp/esp32projects/controlledPWM/build/nvs_flash/libnvs_flash.a
LOAD /opt/esp/esp32projects/controlledPWM/build/openssl/libopenssl.a
LOAD /opt/esp/esp32projects/controlledPWM/build/pthread/libpthread.a
LOAD /opt/esp/esp32projects/controlledPWM/build/sdmmc/libsdmmc.a
LOAD /opt/esp/esp32projects/controlledPWM/build/smartconfig_ack/libsmartconfig_ack.a
LOAD /opt/esp/esp32projects/controlledPWM/build/soc/libsoc.a
LOAD /opt/esp/esp32projects/controlledPWM/build/spi_flash/libspi_flash.a
LOAD /opt/esp/esp32projects/controlledPWM/build/spiffs/libspiffs.a
LOAD /opt/esp/esp32projects/controlledPWM/build/tcp_transport/libtcp_transport.a
LOAD /opt/esp/esp32projects/controlledPWM/build/tcpip_adapter/libtcpip_adapter.a
LOAD /opt/esp/esp32projects/controlledPWM/build/ulp/libulp.a
LOAD /opt/esp/esp32projects/controlledPWM/build/vfs/libvfs.a
LOAD /opt/esp/esp32projects/controlledPWM/build/wear_levelling/libwear_levelling.a
LOAD /opt/esp/esp32projects/controlledPWM/build/wpa_supplicant/libwpa_supplicant.a
LOAD /opt/esp/esp32projects/controlledPWM/build/xtensa-debug-module/libxtensa-debug-module.a
LOAD /opt/esp/xtensa-esp32-elf/bin/../lib/gcc/xtensa-esp32-elf/5.2.0/libgcc.a
LOAD /opt/esp/xtensa-esp32-elf/bin/../lib/gcc/xtensa-esp32-elf/5.2.0/../../../../xtensa-esp32-elf/lib/libstdc++.a
LOAD /opt/esp/xtensa-esp32-elf/bin/../lib/gcc/xtensa-esp32-elf/5.2.0/libgcov.a
END GROUP
                0x0000000040000000                _heap_end = 0x40000000

.rtc.text       0x00000000400c0000        0x0
                0x00000000400c0000                . = ALIGN (0x4)
 *(.rtc.literal .rtc.text)
 *rtc_wake_stub*.*(.literal .text .literal.* .text.*)

.rtc.data       0x0000000050000000        0x0
                0x0000000050000000                _rtc_data_start = ABSOLUTE (.)
 *(.rtc.data)
 *(.rtc.rodata)
 *rtc_wake_stub*.*(.data .rodata .data.* .rodata.* .bss .bss.*)
                0x0000000050000000                _rtc_data_end = ABSOLUTE (.)

.rtc.bss        0x0000000050000000        0x0
                0x0000000050000000                _rtc_bss_start = ABSOLUTE (.)
 *rtc_wake_stub*.*(.bss .bss.*)
 *rtc_wake_stub*.*(COMMON)
 *(.rtc.bss)
                0x0000000050000000                _rtc_bss_end = ABSOLUTE (.)

.rtc_noinit     0x0000000050000000        0x0
                0x0000000050000000                . = ALIGN (0x4)
                0x0000000050000000                _rtc_noinit_start = ABSOLUTE (.)
 *(.rtc_noinit .rtc_noinit.*)
                0x0000000050000000                . = ALIGN (0x4)
                0x0000000050000000                _rtc_noinit_end = ABSOLUTE (.)

.iram0.vectors  0x0000000040080000      0x400
                0x0000000040080000                _iram_start = ABSOLUTE (.)
                0x0000000040080000                _init_start = ABSOLUTE (.)
                0x0000000000000000                . = 0x0
 *(.WindowVectors.text)
 .WindowVectors.text
                0x0000000040080000      0x16a /opt/esp/esp32projects/controlledPWM/build/freertos/libfreertos.a(xtensa_vectors.o)
                0x0000000040080000                _WindowOverflow4
                0x0000000040080040                _WindowUnderflow4
                0x0000000040080050                _xt_alloca_exc
                0x0000000040080080                _WindowOverflow8
                0x00000000400800c0                _WindowUnderflow8
                0x0000000040080100                _WindowOverflow12
                0x0000000040080140                _WindowUnderflow12
                0x0000000000000180                . = 0x180
 *fill*         0x000000004008016a       0x16 
 *(.Level2InterruptVector.text)
 .Level2InterruptVector.text
                0x0000000040080180        0x6 /opt/esp/esp32projects/controlledPWM/build/freertos/libfreertos.a(xtensa_vectors.o)
                0x0000000040080180                _Level2Vector
                0x00000000000001c0                . = 0x1c0
 *fill*         0x0000000040080186       0x3a 
 *(.Level3InterruptVector.text)
 .Level3InterruptVector.text
                0x00000000400801c0        0x6 /opt/esp/esp32projects/controlledPWM/build/freertos/libfreertos.a(xtensa_vectors.o)
                0x00000000400801c0                _Level3Vector
                0x0000000000000200                . = 0x200
 *fill*         0x00000000400801c6       0x3a 
 *(.Level4InterruptVector.text)
 .Level4InterruptVector.text
                0x0000000040080200        0x6 /opt/esp/esp32projects/controlledPWM/build/freertos/libfreertos.a(xtensa_vectors.o)
                0x0000000040080200                _Level4Vector
                0x0000000000000240                . = 0x240
 *fill*         0x0000000040080206       0x3a 
 *(.Level5InterruptVector.text)
 .Level5InterruptVector.text
                0x0000000040080240        0x6 /opt/esp/esp32projects/controlledPWM/build/freertos/libfreertos.a(xtensa_vectors.o)
                0x0000000040080240                _Level5Vector
                0x0000000000000280                . = 0x280
 *fill*         0x0000000040080246       0x3a 
 *(.DebugExceptionVector.text)
 .DebugExceptionVector.text
                0x0000000040080280        0x6 /opt/esp/esp32projects/controlledPWM/build/freertos/libfreertos.a(xtensa_vectors.o)
                0x0000000040080280                _DebugExceptionVector
                0x00000000000002c0                . = 0x2c0
 *fill*         0x0000000040080286       0x3a 
 *(.NMIExceptionVector.text)
 .NMIExceptionVector.text
                0x00000000400802c0        0x6 /opt/esp/esp32projects/controlledPWM/build/freertos/libfreertos.a(xtensa_vectors.o)
                0x00000000400802c0                _NMIExceptionVector
                0x0000000000000300                . = 0x300
 *fill*         0x00000000400802c6       0x3a 
 *(.KernelExceptionVector.text)
 .KernelExceptionVector.text
                0x0000000040080300        0x6 /opt/esp/esp32projects/controlledPWM/build/freertos/libfreertos.a(xtensa_vectors.o)
                0x0000000040080300                _KernelExceptionVector
                0x0000000000000340                . = 0x340
 *fill*         0x0000000040080306       0x3a 
 *(.UserExceptionVector.text)
 .UserExceptionVector.text
                0x0000000040080340        0x6 /opt/esp/esp32projects/controlledPWM/build/freertos/libfreertos.a(xtensa_vectors.o)
                0x0000000040080340                _UserExceptionVector
                0x00000000000003c0                . = 0x3c0
 *fill*         0x0000000040080346       0x7a 
 *(.DoubleExceptionVector.text)
 .DoubleExceptionVector.text
                0x00000000400803c0        0xf /opt/esp/esp32projects/controlledPWM/build/freertos/libfreertos.a(xtensa_vectors.o)
                0x00000000400803c0                _DoubleExceptionVector
                0x0000000000000400                . = 0x400
 *fill*         0x00000000400803cf       0x31 
 *(.*Vector.literal)
 *(.UserEnter.literal)
 *(.UserEnter.text)
                0x0000000040080400                . = ALIGN (0x10)
 *(.entry.text)
 *(.init.literal)
 *(.init)
                0x0000000040080400                _init_end = ABSOLUTE (.)

.iram0.text     0x0000000040080400     0x8e00
                0x0000000040080400                _iram_text_start = ABSOLUTE (.)
 *(.iram1 .iram1.*)
 .iram1.literal
                0x0000000040080400       0x5c /opt/esp/esp32projects/controlledPWM/build/esp32/libesp32.a(system_api.o)
                                         0xd0 (size before relaxing)
 .iram1.literal
                0x000000004008045c       0xa8 /opt/esp/esp32projects/controlledPWM/build/esp32/libesp32.a(cpu_start.o)
                                        0x1c0 (size before relaxing)
 .iram1.literal
                0x0000000040080504        0xc /opt/esp/esp32projects/controlledPWM/build/esp32/libesp32.a(clk.o)
                                         0x20 (size before relaxing)
 .iram1.literal
                0x0000000040080510       0x1c /opt/esp/esp32projects/controlledPWM/build/esp32/libesp32.a(crosscore_int.o)
                                         0x40 (size before relaxing)
 .iram1.literal
                0x000000004008052c        0xc /opt/esp/esp32projects/controlledPWM/build/esp32/libesp32.a(cache_err_int.o)
                                         0x18 (size before relaxing)
 .iram1.literal
                0x0000000040080538       0x20 /opt/esp/esp32projects/controlledPWM/build/esp32/libesp32.a(ipc.o)
                                         0x34 (size before relaxing)
 .iram1.literal
                0x0000000040080558       0x20 /opt/esp/esp32projects/controlledPWM/build/esp32/libesp32.a(intr_alloc.o)
                                         0x7c (size before relaxing)
 .iram1.literal
                0x0000000040080578        0x4 /opt/esp/esp32projects/controlledPWM/build/esp32/libesp32.a(int_wdt.o)
                                          0xc (size before relaxing)
 .iram1.literal
                0x000000004008057c       0x24 /opt/esp/esp32projects/controlledPWM/build/esp32/libesp32.a(esp_timer.o)
                                         0x60 (size before relaxing)
 .iram1.literal
                0x00000000400805a0       0x38 /opt/esp/esp32projects/controlledPWM/build/esp32/libesp32.a(dport_access.o)
                                         0x88 (size before relaxing)
 .iram1.literal
                0x00000000400805d8       0x10 /opt/esp/esp32projects/controlledPWM/build/esp32/libesp32.a(dport_panic_highint_hdl.o)
                                         0x28 (size before relaxing)
 .iram1.literal
                0x00000000400805e8       0x60 /opt/esp/esp32projects/controlledPWM/build/esp32/libesp32.a(esp_timer_esp32.o)
                                         0xf8 (size before relaxing)
 .iram1.literal
                0x0000000040080648        0x4 /opt/esp/esp32projects/controlledPWM/build/esp32/libesp32.a(freertos_hooks.o)
 .iram1.literal
                0x000000004008064c        0x4 /opt/esp/esp32projects/controlledPWM/build/freertos/libfreertos.a(port.o)
 .iram1.literal
                0x0000000040080650       0x44 /opt/esp/esp32projects/controlledPWM/build/freertos/libfreertos.a(xtensa_vectors.o)
                                         0x68 (size before relaxing)
 .iram1.literal
                0x0000000040080694       0x58 /opt/esp/esp32projects/controlledPWM/build/heap/libheap.a(heap_caps.o)
                                         0xb0 (size before relaxing)
 .iram1.literal
                0x00000000400806ec       0x24 /opt/esp/esp32projects/controlledPWM/build/log/liblog.a(log.o)
                                         0x48 (size before relaxing)
 .iram1.literal
                0x0000000040080710        0x4 /opt/esp/esp32projects/controlledPWM/build/newlib/libnewlib.a(time.o)
                                         0x1c (size before relaxing)
 .iram1.literal
                0x0000000040080714        0x8 /opt/esp/esp32projects/controlledPWM/build/newlib/libnewlib.a(reent_init.o)
                                         0x10 (size before relaxing)
 .iram1.literal
                0x000000004008071c        0x4 /opt/esp/esp32projects/controlledPWM/build/newlib/libnewlib.a(syscalls.o)
                                         0x14 (size before relaxing)
 .iram1.literal
                0x0000000040080720       0x14 /opt/esp/esp32projects/controlledPWM/build/newlib/libnewlib.a(locks.o)
                                         0x90 (size before relaxing)
 .iram1.literal
                0x0000000040080734       0x1c /opt/esp/esp32projects/controlledPWM/build/soc/libsoc.a(cpu_util.o)
                                         0x30 (size before relaxing)
 .iram1.literal
                0x0000000040080750       0x50 /opt/esp/esp32projects/controlledPWM/build/spi_flash/libspi_flash.a(cache_utils.o)
                                        0x120 (size before relaxing)
 .iram1.literal
                0x00000000400807a0       0x38 /opt/esp/esp32projects/controlledPWM/build/spi_flash/libspi_flash.a(flash_ops.o)
                                         0xe4 (size before relaxing)
 .iram1.literal
                0x00000000400807d8       0x4c /opt/esp/esp32projects/controlledPWM/build/spi_flash/libspi_flash.a(flash_mmap.o)
                                        0x11c (size before relaxing)
 .iram1.literal
                0x0000000040080824       0x20 /opt/esp/esp32projects/controlledPWM/build/driver/libdriver.a(ledc.o)
                                         0x40 (size before relaxing)
 .literal.xt_unhandled_interrupt
                0x0000000040080844        0x4 /opt/esp/esp32projects/controlledPWM/build/freertos/libfreertos.a(xtensa_intr.o)
                                          0x8 (size before relaxing)
 .literal.xt_set_interrupt_handler
                0x0000000040080848        0x8 /opt/esp/esp32projects/controlledPWM/build/freertos/libfreertos.a(xtensa_intr.o)
                                          0xc (size before relaxing)
 .literal.prvIsQueueFull
                0x0000000040080850        0x0 /opt/esp/esp32projects/controlledPWM/build/freertos/libfreertos.a(queue.o)
                                          0x8 (size before relaxing)
 .literal.prvCopyDataToQueue
                0x0000000040080850        0x0 /opt/esp/esp32projects/controlledPWM/build/freertos/libfreertos.a(queue.o)
                                          0xc (size before relaxing)
 .literal.prvNotifyQueueSetContainer
                0x0000000040080850       0x14 /opt/esp/esp32projects/controlledPWM/build/freertos/libfreertos.a(queue.o)
                                         0x34 (size before relaxing)
 .literal.prvCopyDataFromQueue
                0x0000000040080864        0x0 /opt/esp/esp32projects/controlledPWM/build/freertos/libfreertos.a(queue.o)
                                          0x4 (size before relaxing)
 .literal.xQueueGenericReset
                0x0000000040080864        0x4 /opt/esp/esp32projects/controlledPWM/build/freertos/libfreertos.a(queue.o)
                                         0x30 (size before relaxing)
 .literal.prvInitialiseNewQueue
                0x0000000040080868        0x0 /opt/esp/esp32projects/controlledPWM/build/freertos/libfreertos.a(queue.o)
                                          0x4 (size before relaxing)
 .literal.xQueueGenericCreate
                0x0000000040080868        0x4 /opt/esp/esp32projects/controlledPWM/build/freertos/libfreertos.a(queue.o)
                                         0x1c (size before relaxing)
 .literal.xQueueGetMutexHolder
                0x000000004008086c        0x0 /opt/esp/esp32projects/controlledPWM/build/freertos/libfreertos.a(queue.o)
                                          0x8 (size before relaxing)
 .literal.xQueueCreateCountingSemaphore
                0x000000004008086c        0x4 /opt/esp/esp32projects/controlledPWM/build/freertos/libfreertos.a(queue.o)
                                         0x28 (size before relaxing)
 .literal.xQueueGenericSend
                0x0000000040080870        0x4 /opt/esp/esp32projects/controlledPWM/build/freertos/libfreertos.a(queue.o)
                                         0x7c (size before relaxing)
 .literal.prvInitialiseMutex
                0x0000000040080874        0x0 /opt/esp/esp32projects/controlledPWM/build/freertos/libfreertos.a(queue.o)
                                          0x8 (size before relaxing)
 .literal.xQueueCreateMutex
                0x0000000040080874        0x0 /opt/esp/esp32projects/controlledPWM/build/freertos/libfreertos.a(queue.o)
                                          0x8 (size before relaxing)
 .literal.xQueueGiveMutexRecursive
                0x0000000040080874        0x4 /opt/esp/esp32projects/controlledPWM/build/freertos/libfreertos.a(queue.o)
                                         0x1c (size before relaxing)
 .literal.xQueueGenericSendFromISR
                0x0000000040080878        0x4 /opt/esp/esp32projects/controlledPWM/build/freertos/libfreertos.a(queue.o)
                                         0x3c (size before relaxing)
 .literal.xQueueGiveFromISR
                0x000000004008087c        0x4 /opt/esp/esp32projects/controlledPWM/build/freertos/libfreertos.a(queue.o)
                                         0x30 (size before relaxing)
 .literal.xQueueGenericReceive
                0x0000000040080880        0x4 /opt/esp/esp32projects/controlledPWM/build/freertos/libfreertos.a(queue.o)
                                         0x78 (size before relaxing)
 .literal.xQueueTakeMutexRecursive
                0x0000000040080884        0x4 /opt/esp/esp32projects/controlledPWM/build/freertos/libfreertos.a(queue.o)
                                         0x1c (size before relaxing)
 .literal.xQueueReceiveFromISR
                0x0000000040080888        0x4 /opt/esp/esp32projects/controlledPWM/build/freertos/libfreertos.a(queue.o)
                                         0x30 (size before relaxing)
 .literal.vQueueDelete
                0x000000004008088c        0x4 /opt/esp/esp32projects/controlledPWM/build/freertos/libfreertos.a(queue.o)
                                         0x18 (size before relaxing)
 .literal.vQueueWaitForMessageRestricted
                0x0000000040080890        0x0 /opt/esp/esp32projects/controlledPWM/build/freertos/libfreertos.a(queue.o)
                                          0xc (size before relaxing)
 .literal.vPortTaskWrapper
                0x0000000040080890        0x8 /opt/esp/esp32projects/controlledPWM/build/freertos/libfreertos.a(port.o)
                                         0x18 (size before relaxing)
 .literal.pxPortInitialiseStack
                0x0000000040080898       0x14 /opt/esp/esp32projects/controlledPWM/build/freertos/libfreertos.a(port.o)
                                         0x1c (size before relaxing)
 .literal.xPortStartScheduler
                0x00000000400808ac        0x0 /opt/esp/esp32projects/controlledPWM/build/freertos/libfreertos.a(port.o)
                                         0x14 (size before relaxing)
 .literal.xPortSysTickHandler
                0x00000000400808ac        0x0 /opt/esp/esp32projects/controlledPWM/build/freertos/libfreertos.a(port.o)
                                          0x8 (size before relaxing)
 .literal.vPortYieldOtherCore
                0x00000000400808ac        0x0 /opt/esp/esp32projects/controlledPWM/build/freertos/libfreertos.a(port.o)
                                          0x4 (size before relaxing)
 .literal.vPortReleaseTaskMPUSettings
                0x00000000400808ac        0x0 /opt/esp/esp32projects/controlledPWM/build/freertos/libfreertos.a(port.o)
                                          0x4 (size before relaxing)
 .literal.xPortInIsrContext
                0x00000000400808ac        0x0 /opt/esp/esp32projects/controlledPWM/build/freertos/libfreertos.a(port.o)
                                          0x8 (size before relaxing)
 .literal.vPortCPUInitializeMutex
                0x00000000400808ac        0x4 /opt/esp/esp32projects/controlledPWM/build/freertos/libfreertos.a(port.o)
 .literal.vPortCPUAcquireMutex
                0x00000000400808b0       0x1c /opt/esp/esp32projects/controlledPWM/build/freertos/libfreertos.a(port.o)
                                         0x30 (size before relaxing)
 .literal.vPortCPUReleaseMutex
                0x00000000400808cc        0xc /opt/esp/esp32projects/controlledPWM/build/freertos/libfreertos.a(port.o)
                                         0x20 (size before relaxing)
 .literal.prvResetNextTaskUnblockTime
                0x00000000400808d8        0x8 /opt/esp/esp32projects/controlledPWM/build/freertos/libfreertos.a(tasks.o)
 .literal.prvDeleteTLS
                0x00000000400808e0       0x10 /opt/esp/esp32projects/controlledPWM/build/freertos/libfreertos.a(tasks.o)
                                         0x18 (size before relaxing)
 .literal.prvInitialiseNewTask
                0x00000000400808f0        0x0 /opt/esp/esp32projects/controlledPWM/build/freertos/libfreertos.a(tasks.o)
                                         0x18 (size before relaxing)
 .literal.prvInitialiseTaskLists
                0x00000000400808f0       0x20 /opt/esp/esp32projects/controlledPWM/build/freertos/libfreertos.a(tasks.o)
                                         0x40 (size before relaxing)
 .literal.prvDeleteTCB
                0x0000000040080910        0x8 /opt/esp/esp32projects/controlledPWM/build/freertos/libfreertos.a(tasks.o)
                                         0x2c (size before relaxing)
 .literal.prvAddCurrentTaskToDelayedList
                0x0000000040080918        0x4 /opt/esp/esp32projects/controlledPWM/build/freertos/libfreertos.a(tasks.o)
                                         0x1c (size before relaxing)
 .literal.taskYIELD_OTHER_CORE
                0x000000004008091c        0x0 /opt/esp/esp32projects/controlledPWM/build/freertos/libfreertos.a(tasks.o)
                                         0x10 (size before relaxing)
 .literal.vTaskSuspendAll
                0x000000004008091c        0x4 /opt/esp/esp32projects/controlledPWM/build/freertos/libfreertos.a(tasks.o)
                                          0x8 (size before relaxing)
 .literal.xTaskGetIdleTaskHandleForCPU
                0x0000000040080920        0xc /opt/esp/esp32projects/controlledPWM/build/freertos/libfreertos.a(tasks.o)
                                         0x1c (size before relaxing)
 .literal.vTaskSwitchContext
                0x000000004008092c       0x18 /opt/esp/esp32projects/controlledPWM/build/freertos/libfreertos.a(tasks.o)
                                         0x3c (size before relaxing)
 .literal.vTaskSetTimeOutState
                0x0000000040080944        0xc /opt/esp/esp32projects/controlledPWM/build/freertos/libfreertos.a(tasks.o)
                                         0x20 (size before relaxing)
 .literal.xTaskGetCurrentTaskHandle
                0x0000000040080950        0x0 /opt/esp/esp32projects/controlledPWM/build/freertos/libfreertos.a(tasks.o)
                                          0x8 (size before relaxing)
 .literal.__getreent
                0x0000000040080950        0x0 /opt/esp/esp32projects/controlledPWM/build/freertos/libfreertos.a(tasks.o)
                                          0x8 (size before relaxing)
 .literal.pcTaskGetTaskName
                0x0000000040080950        0x8 /opt/esp/esp32projects/controlledPWM/build/freertos/libfreertos.a(tasks.o)
                                         0x1c (size before relaxing)
 .literal.xTaskGetAffinity
                0x0000000040080958        0x0 /opt/esp/esp32projects/controlledPWM/build/freertos/libfreertos.a(tasks.o)
                                          0x4 (size before relaxing)
 .literal.xTaskGetCurrentTaskHandleForCPU
                0x0000000040080958        0x0 /opt/esp/esp32projects/controlledPWM/build/freertos/libfreertos.a(tasks.o)
                                          0x4 (size before relaxing)
 .literal.xTaskGetSchedulerState
                0x0000000040080958        0x4 /opt/esp/esp32projects/controlledPWM/build/freertos/libfreertos.a(tasks.o)
                                          0xc (size before relaxing)
 .literal.vTaskEnterCritical
                0x000000004008095c       0x14 /opt/esp/esp32projects/controlledPWM/build/freertos/libfreertos.a(tasks.o)
                                         0x34 (size before relaxing)
 .literal.vTaskExitCritical
                0x0000000040080970        0xc /opt/esp/esp32projects/controlledPWM/build/freertos/libfreertos.a(tasks.o)
                                         0x28 (size before relaxing)
 .literal.prvAddNewTaskToReadyList
                0x000000004008097c       0x10 /opt/esp/esp32projects/controlledPWM/build/freertos/libfreertos.a(tasks.o)
                                         0x58 (size before relaxing)
 .literal.xTaskCreatePinnedToCore
                0x000000004008098c        0x0 /opt/esp/esp32projects/controlledPWM/build/freertos/libfreertos.a(tasks.o)
                                         0x18 (size before relaxing)
 .literal.vTaskStartScheduler
                0x000000004008098c       0x10 /opt/esp/esp32projects/controlledPWM/build/freertos/libfreertos.a(tasks.o)
                                         0x3c (size before relaxing)
 .literal.vTaskDelete
                0x000000004008099c        0x8 /opt/esp/esp32projects/controlledPWM/build/freertos/libfreertos.a(tasks.o)
                                         0x60 (size before relaxing)
 .literal.vTaskDelay
                0x00000000400809a4        0x4 /opt/esp/esp32projects/controlledPWM/build/freertos/libfreertos.a(tasks.o)
                                         0x38 (size before relaxing)
 .literal.uxTaskPriorityGet
                0x00000000400809a8        0x0 /opt/esp/esp32projects/controlledPWM/build/freertos/libfreertos.a(tasks.o)
                                         0x10 (size before relaxing)
 .literal.vTaskPrioritySet
                0x00000000400809a8        0x4 /opt/esp/esp32projects/controlledPWM/build/freertos/libfreertos.a(tasks.o)
                                         0x44 (size before relaxing)
 .literal.prvCheckTasksWaitingTermination
                0x00000000400809ac        0x8 /opt/esp/esp32projects/controlledPWM/build/freertos/libfreertos.a(tasks.o)
                                         0x30 (size before relaxing)
 .literal.prvIdleTask
                0x00000000400809b4        0x0 /opt/esp/esp32projects/controlledPWM/build/freertos/libfreertos.a(tasks.o)
                                          0x8 (size before relaxing)
 .literal.xTaskGetTickCount
                0x00000000400809b4        0x4 /opt/esp/esp32projects/controlledPWM/build/freertos/libfreertos.a(tasks.o)
                                         0x10 (size before relaxing)
 .literal.xTaskIncrementTick
                0x00000000400809b8        0xc /opt/esp/esp32projects/controlledPWM/build/freertos/libfreertos.a(tasks.o)
                                         0x78 (size before relaxing)
 .literal.xTaskResumeAll
                0x00000000400809c4        0x8 /opt/esp/esp32projects/controlledPWM/build/freertos/libfreertos.a(tasks.o)
                                         0x5c (size before relaxing)
 .literal.vTaskPlaceOnEventList
                0x00000000400809cc        0x8 /opt/esp/esp32projects/controlledPWM/build/freertos/libfreertos.a(tasks.o)
                                         0x40 (size before relaxing)
 .literal.vTaskPlaceOnEventListRestricted
                0x00000000400809d4        0x8 /opt/esp/esp32projects/controlledPWM/build/freertos/libfreertos.a(tasks.o)
                                         0x38 (size before relaxing)
 .literal.xTaskRemoveFromEventList
                0x00000000400809dc        0x8 /opt/esp/esp32projects/controlledPWM/build/freertos/libfreertos.a(tasks.o)
                                         0x58 (size before relaxing)
 .literal.xTaskCheckForTimeOut
                0x00000000400809e4        0xc /opt/esp/esp32projects/controlledPWM/build/freertos/libfreertos.a(tasks.o)
                                         0x3c (size before relaxing)
 .literal.vTaskPriorityInherit
                0x00000000400809f0        0x0 /opt/esp/esp32projects/controlledPWM/build/freertos/libfreertos.a(tasks.o)
                                         0x2c (size before relaxing)
 .literal.xTaskPriorityDisinherit
                0x00000000400809f0        0x8 /opt/esp/esp32projects/controlledPWM/build/freertos/libfreertos.a(tasks.o)
                                         0x40 (size before relaxing)
 .literal.pvTaskIncrementMutexHeldCount
                0x00000000400809f8        0x0 /opt/esp/esp32projects/controlledPWM/build/freertos/libfreertos.a(tasks.o)
                                         0x10 (size before relaxing)
 .literal.prvGetNextExpireTime
                0x00000000400809f8        0x4 /opt/esp/esp32projects/controlledPWM/build/freertos/libfreertos.a(timers.o)
 .literal.prvInsertTimerInActiveList
                0x00000000400809fc        0x4 /opt/esp/esp32projects/controlledPWM/build/freertos/libfreertos.a(timers.o)
                                         0x10 (size before relaxing)
 .literal.prvCheckForValidListAndQueue
                0x0000000040080a00       0x1c /opt/esp/esp32projects/controlledPWM/build/freertos/libfreertos.a(timers.o)
                                         0x44 (size before relaxing)
 .literal.xTimerCreateTimerTask
                0x0000000040080a1c        0xc /opt/esp/esp32projects/controlledPWM/build/freertos/libfreertos.a(timers.o)
                                         0x2c (size before relaxing)
 .literal.xTimerGenericCommand
                0x0000000040080a28        0x0 /opt/esp/esp32projects/controlledPWM/build/freertos/libfreertos.a(timers.o)
                                         0x14 (size before relaxing)
 .literal.prvSwitchTimerLists
                0x0000000040080a28        0x4 /opt/esp/esp32projects/controlledPWM/build/freertos/libfreertos.a(timers.o)
                                         0x28 (size before relaxing)
 .literal.prvSampleTimeNow
                0x0000000040080a2c        0x4 /opt/esp/esp32projects/controlledPWM/build/freertos/libfreertos.a(timers.o)
                                          0xc (size before relaxing)
 .literal.prvProcessExpiredTimer
                0x0000000040080a30        0x4 /opt/esp/esp32projects/controlledPWM/build/freertos/libfreertos.a(timers.o)
                                         0x24 (size before relaxing)
 .literal.prvProcessTimerOrBlockTask
                0x0000000040080a34        0x0 /opt/esp/esp32projects/controlledPWM/build/freertos/libfreertos.a(timers.o)
                                         0x24 (size before relaxing)
 .literal.prvProcessReceivedCommands
                0x0000000040080a34        0x8 /opt/esp/esp32projects/controlledPWM/build/freertos/libfreertos.a(timers.o)
                                         0x40 (size before relaxing)
 .literal.prvTimerTask
                0x0000000040080a3c        0x0 /opt/esp/esp32projects/controlledPWM/build/freertos/libfreertos.a(timers.o)
                                          0xc (size before relaxing)
 .literal       0x0000000040080a3c        0x0 /opt/esp/esp32projects/controlledPWM/build/freertos/libfreertos.a(xtensa_context.o)
                                         0x10 (size before relaxing)
 .literal       0x0000000040080a3c       0x10 /opt/esp/esp32projects/controlledPWM/build/freertos/libfreertos.a(portasm.o)
                                         0x54 (size before relaxing)
 .literal._xt_tick_divisor_init
                0x0000000040080a4c        0x4 /opt/esp/esp32projects/controlledPWM/build/freertos/libfreertos.a(xtensa_init.o)
                                          0xc (size before relaxing)
 .literal.get_prev_free_block
                0x0000000040080a50       0x10 /opt/esp/esp32projects/controlledPWM/build/heap/libheap.a(multi_heap.o)
                                         0x28 (size before relaxing)
 .literal.split_if_necessary
                0x0000000040080a60       0x10 /opt/esp/esp32projects/controlledPWM/build/heap/libheap.a(multi_heap.o)
                                         0x50 (size before relaxing)
 .literal.assert_valid_block
                0x0000000040080a70        0x0 /opt/esp/esp32projects/controlledPWM/build/heap/libheap.a(multi_heap.o)
                                         0x2c (size before relaxing)
 .literal.merge_adjacent
                0x0000000040080a70        0x8 /opt/esp/esp32projects/controlledPWM/build/heap/libheap.a(multi_heap.o)
                                         0x4c (size before relaxing)
 .literal.multi_heap_get_allocated_size_impl
                0x0000000040080a78        0x0 /opt/esp/esp32projects/controlledPWM/build/heap/libheap.a(multi_heap.o)
                                         0x10 (size before relaxing)
 .literal.multi_heap_malloc_impl
                0x0000000040080a78        0x0 /opt/esp/esp32projects/controlledPWM/build/heap/libheap.a(multi_heap.o)
                                         0x28 (size before relaxing)
 .literal.multi_heap_free_impl
                0x0000000040080a78        0x0 /opt/esp/esp32projects/controlledPWM/build/heap/libheap.a(multi_heap.o)
                                         0x50 (size before relaxing)
 .literal.multi_heap_realloc_impl
                0x0000000040080a78        0x8 /opt/esp/esp32projects/controlledPWM/build/heap/libheap.a(multi_heap.o)
                                         0x68 (size before relaxing)
 .literal.panicPutChar
                0x0000000040080a80        0x8 /opt/esp/esp32projects/controlledPWM/build/esp32/libesp32.a(panic.o)
 .literal.panicPutStr
                0x0000000040080a88        0x0 /opt/esp/esp32projects/controlledPWM/build/esp32/libesp32.a(panic.o)
                                          0x4 (size before relaxing)
 .literal.panicPutHex
                0x0000000040080a88        0x0 /opt/esp/esp32projects/controlledPWM/build/esp32/libesp32.a(panic.o)
                                          0x8 (size before relaxing)
 .literal.panicPutDec
                0x0000000040080a88        0x4 /opt/esp/esp32projects/controlledPWM/build/esp32/libesp32.a(panic.o)
                                         0x10 (size before relaxing)
 .literal.reconfigureAllWdts
                0x0000000040080a8c        0xc /opt/esp/esp32projects/controlledPWM/build/esp32/libesp32.a(panic.o)
                                         0x24 (size before relaxing)
 .literal.putEntry
                0x0000000040080a98       0x10 /opt/esp/esp32projects/controlledPWM/build/esp32/libesp32.a(panic.o)
                                         0x20 (size before relaxing)
 .literal.doBacktrace
                0x0000000040080aa8       0x10 /opt/esp/esp32projects/controlledPWM/build/esp32/libesp32.a(panic.o)
                                         0x24 (size before relaxing)
 .literal.invoke_abort
                0x0000000040080ab8        0x4 /opt/esp/esp32projects/controlledPWM/build/esp32/libesp32.a(panic.o)
                                          0x8 (size before relaxing)
 .literal.haltOtherCore
                0x0000000040080abc        0x0 /opt/esp/esp32projects/controlledPWM/build/esp32/libesp32.a(panic.o)
                                          0x4 (size before relaxing)
 .literal.commonErrorHandler_dump
                0x0000000040080abc       0x30 /opt/esp/esp32projects/controlledPWM/build/esp32/libesp32.a(panic.o)
                                         0x90 (size before relaxing)
 .literal.esp_panic_dig_reset
                0x0000000040080aec        0x0 /opt/esp/esp32projects/controlledPWM/build/esp32/libesp32.a(panic.o)
                                         0x14 (size before relaxing)
 .literal.commonErrorHandler
                0x0000000040080aec        0x8 /opt/esp/esp32projects/controlledPWM/build/esp32/libesp32.a(panic.o)
                                         0x4c (size before relaxing)
 .literal.abort
                0x0000000040080af4        0x8 /opt/esp/esp32projects/controlledPWM/build/esp32/libesp32.a(panic.o)
                                         0x18 (size before relaxing)
 .literal.vApplicationStackOverflowHook
                0x0000000040080afc        0x8 /opt/esp/esp32projects/controlledPWM/build/esp32/libesp32.a(panic.o)
                                         0x18 (size before relaxing)
 .literal.panicHandler
                0x0000000040080b04       0x34 /opt/esp/esp32projects/controlledPWM/build/esp32/libesp32.a(panic.o)
                                         0xa8 (size before relaxing)
 .literal.xt_unhandled_exception
                0x0000000040080b38       0x18 /opt/esp/esp32projects/controlledPWM/build/esp32/libesp32.a(panic.o)
                                         0x64 (size before relaxing)
 .literal._esp_error_check_failed
                0x0000000040080b50       0x14 /opt/esp/esp32projects/controlledPWM/build/esp32/libesp32.a(panic.o)
                                         0x30 (size before relaxing)
 .literal.rtc_wdt_get_protect_status
                0x0000000040080b64        0x8 /opt/esp/esp32projects/controlledPWM/build/soc/libsoc.a(rtc_wdt.o)
 .literal.rtc_wdt_protect_off
                0x0000000040080b6c        0x0 /opt/esp/esp32projects/controlledPWM/build/soc/libsoc.a(rtc_wdt.o)
                                          0x8 (size before relaxing)
 .literal.rtc_wdt_protect_on
                0x0000000040080b6c        0x0 /opt/esp/esp32projects/controlledPWM/build/soc/libsoc.a(rtc_wdt.o)
                                          0x4 (size before relaxing)
 .literal.rtc_wdt_enable
                0x0000000040080b6c        0xc /opt/esp/esp32projects/controlledPWM/build/soc/libsoc.a(rtc_wdt.o)
                                         0x10 (size before relaxing)
 .literal.rtc_wdt_feed
                0x0000000040080b78        0x0 /opt/esp/esp32projects/controlledPWM/build/soc/libsoc.a(rtc_wdt.o)
                                         0x14 (size before relaxing)
 .literal.rtc_wdt_set_time
                0x0000000040080b78       0x14 /opt/esp/esp32projects/controlledPWM/build/soc/libsoc.a(rtc_wdt.o)
                                         0x20 (size before relaxing)
 .literal.rtc_wdt_set_stage
                0x0000000040080b8c       0x10 /opt/esp/esp32projects/controlledPWM/build/soc/libsoc.a(rtc_wdt.o)
                                         0x14 (size before relaxing)
 .literal.rtc_wdt_disable
                0x0000000040080b9c        0x0 /opt/esp/esp32projects/controlledPWM/build/soc/libsoc.a(rtc_wdt.o)
                                         0x2c (size before relaxing)
 .literal.rtc_wdt_set_length_of_reset_signal
                0x0000000040080b9c        0x8 /opt/esp/esp32projects/controlledPWM/build/soc/libsoc.a(rtc_wdt.o)
                                          0xc (size before relaxing)
 .literal.rtc_wdt_is_on
                0x0000000040080ba4        0x0 /opt/esp/esp32projects/controlledPWM/build/soc/libsoc.a(rtc_wdt.o)
                                          0x4 (size before relaxing)
 .literal.rtc_init
                0x0000000040080ba4       0x90 /opt/esp/esp32projects/controlledPWM/build/soc/libsoc.a(rtc_init.o)
                                         0xdc (size before relaxing)
 .literal.rtc_clk_cal_internal
                0x0000000040080c34       0x30 /opt/esp/esp32projects/controlledPWM/build/soc/libsoc.a(rtc_time.o)
                                         0x64 (size before relaxing)
 .literal.rtc_clk_cal
                0x0000000040080c64        0x0 /opt/esp/esp32projects/controlledPWM/build/soc/libsoc.a(rtc_time.o)
                                          0xc (size before relaxing)
 .literal.rtc_time_get
                0x0000000040080c64       0x10 /opt/esp/esp32projects/controlledPWM/build/soc/libsoc.a(rtc_time.o)
                                         0x18 (size before relaxing)
 .literal.rtc_clk_wait_for_slow_cycle
                0x0000000040080c74        0x8 /opt/esp/esp32projects/controlledPWM/build/soc/libsoc.a(rtc_time.o)
                                         0x20 (size before relaxing)
 .literal.rtc_clk_32k_enable_common
                0x0000000040080c7c       0x14 /opt/esp/esp32projects/controlledPWM/build/soc/libsoc.a(rtc_clk.o)
 .literal.rtc_clk_bbpll_disable
                0x0000000040080c90        0x8 /opt/esp/esp32projects/controlledPWM/build/soc/libsoc.a(rtc_clk.o)
                                         0x10 (size before relaxing)
 .literal.rtc_clk_bbpll_enable
                0x0000000040080c98        0x4 /opt/esp/esp32projects/controlledPWM/build/soc/libsoc.a(rtc_clk.o)
                                          0x8 (size before relaxing)
 .literal.rtc_clk_32k_enable
                0x0000000040080c9c        0x0 /opt/esp/esp32projects/controlledPWM/build/soc/libsoc.a(rtc_clk.o)
                                          0xc (size before relaxing)
 .literal.rtc_clk_32k_enable_external
                0x0000000040080c9c        0x0 /opt/esp/esp32projects/controlledPWM/build/soc/libsoc.a(rtc_clk.o)
                                          0x4 (size before relaxing)
 .literal.rtc_clk_8m_enable
                0x0000000040080c9c        0x0 /opt/esp/esp32projects/controlledPWM/build/soc/libsoc.a(rtc_clk.o)
                                         0x10 (size before relaxing)
 .literal.rtc_clk_slow_freq_set
                0x0000000040080c9c        0x0 /opt/esp/esp32projects/controlledPWM/build/soc/libsoc.a(rtc_clk.o)
                                          0xc (size before relaxing)
 .literal.rtc_clk_slow_freq_get
                0x0000000040080c9c        0x0 /opt/esp/esp32projects/controlledPWM/build/soc/libsoc.a(rtc_clk.o)
                                          0x4 (size before relaxing)
 .literal.rtc_clk_slow_freq_get_hz
                0x0000000040080c9c        0x0 /opt/esp/esp32projects/controlledPWM/build/soc/libsoc.a(rtc_clk.o)
                                         0x10 (size before relaxing)
 .literal.rtc_clk_fast_freq_set
                0x0000000040080c9c        0x0 /opt/esp/esp32projects/controlledPWM/build/soc/libsoc.a(rtc_clk.o)
                                          0xc (size before relaxing)
 .literal.rtc_clk_bbpll_configure
                0x0000000040080c9c        0x8 /opt/esp/esp32projects/controlledPWM/build/soc/libsoc.a(rtc_clk.o)
                                         0x3c (size before relaxing)
 .literal.rtc_clk_xtal_freq_get
                0x0000000040080ca4        0x8 /opt/esp/esp32projects/controlledPWM/build/soc/libsoc.a(rtc_clk.o)
 .literal.rtc_clk_cpu_freq_mhz_to_config
                0x0000000040080cac        0x0 /opt/esp/esp32projects/controlledPWM/build/soc/libsoc.a(rtc_clk.o)
                                          0x4 (size before relaxing)
 .literal.rtc_clk_cpu_freq_get_config
                0x0000000040080cac       0x14 /opt/esp/esp32projects/controlledPWM/build/soc/libsoc.a(rtc_clk.o)
                                         0x28 (size before relaxing)
 .literal.rtc_clk_apb_freq_update
                0x0000000040080cc0        0x4 /opt/esp/esp32projects/controlledPWM/build/soc/libsoc.a(rtc_clk.o)
 .literal.rtc_clk_cpu_freq_to_xtal
                0x0000000040080cc4        0xc /opt/esp/esp32projects/controlledPWM/build/soc/libsoc.a(rtc_clk.o)
                                         0x34 (size before relaxing)
 .literal.rtc_clk_cpu_freq_set_xtal
                0x0000000040080cd0        0x0 /opt/esp/esp32projects/controlledPWM/build/soc/libsoc.a(rtc_clk.o)
                                         0x10 (size before relaxing)
 .literal.rtc_clk_cpu_freq_to_pll_mhz
                0x0000000040080cd0        0xc /opt/esp/esp32projects/controlledPWM/build/soc/libsoc.a(rtc_clk.o)
                                         0x38 (size before relaxing)
 .literal.rtc_clk_cpu_freq_to_8m
                0x0000000040080cdc        0x4 /opt/esp/esp32projects/controlledPWM/build/soc/libsoc.a(rtc_clk.o)
                                         0x2c (size before relaxing)
 .literal.rtc_clk_cpu_freq_set_config
                0x0000000040080ce0        0x0 /opt/esp/esp32projects/controlledPWM/build/soc/libsoc.a(rtc_clk.o)
                                         0x30 (size before relaxing)
 .literal.rtc_clk_apb_freq_get
                0x0000000040080ce0        0x4 /opt/esp/esp32projects/controlledPWM/build/soc/libsoc.a(rtc_clk.o)
                                         0x10 (size before relaxing)
 .literal       0x0000000040080ce4        0x0 /opt/esp/esp-idf/components/esp32/libhal.a(windowspill_asm.o)
                                          0x4 (size before relaxing)
 .literal.esp_rom_spiflash_read_status
                0x0000000040080ce4       0x10 /opt/esp/esp32projects/controlledPWM/build/spi_flash/libspi_flash.a(spi_flash_rom_patch.o)
                                         0x14 (size before relaxing)
 .literal.esp_rom_spiflash_wait_idle
                0x0000000040080cf4        0x8 /opt/esp/esp32projects/controlledPWM/build/spi_flash/libspi_flash.a(spi_flash_rom_patch.o)
                                          0xc (size before relaxing)
 .literal.esp_rom_spiflash_erase_block_internal
                0x0000000040080cfc        0x4 /opt/esp/esp32projects/controlledPWM/build/spi_flash/libspi_flash.a(spi_flash_rom_patch.o)
                                         0x18 (size before relaxing)
 .literal.esp_rom_spiflash_erase_sector_internal
                0x0000000040080d00        0x0 /opt/esp/esp32projects/controlledPWM/build/spi_flash/libspi_flash.a(spi_flash_rom_patch.o)
                                         0x18 (size before relaxing)
 .literal.esp_rom_spiflash_read_data
                0x0000000040080d00       0x18 /opt/esp/esp32projects/controlledPWM/build/spi_flash/libspi_flash.a(spi_flash_rom_patch.o)
                                         0x34 (size before relaxing)
 .literal.esp_rom_spiflash_enable_write
                0x0000000040080d18        0x0 /opt/esp/esp32projects/controlledPWM/build/spi_flash/libspi_flash.a(spi_flash_rom_patch.o)
                                         0x10 (size before relaxing)
 .literal.esp_rom_spiflash_program_page_internal
                0x0000000040080d18       0x10 /opt/esp/esp32projects/controlledPWM/build/spi_flash/libspi_flash.a(spi_flash_rom_patch.o)
                                         0x40 (size before relaxing)
 .literal.esp_rom_spiflash_read_statushigh
                0x0000000040080d28        0x4 /opt/esp/esp32projects/controlledPWM/build/spi_flash/libspi_flash.a(spi_flash_rom_patch.o)
                                          0xc (size before relaxing)
 .literal.esp_rom_spiflash_write_status
                0x0000000040080d2c        0x4 /opt/esp/esp32projects/controlledPWM/build/spi_flash/libspi_flash.a(spi_flash_rom_patch.o)
                                         0x14 (size before relaxing)
 .literal.esp_rom_spiflash_unlock
                0x0000000040080d30        0x8 /opt/esp/esp32projects/controlledPWM/build/spi_flash/libspi_flash.a(spi_flash_rom_patch.o)
                                         0x28 (size before relaxing)
 .literal.esp_rom_spiflash_erase_block
                0x0000000040080d38        0xc /opt/esp/esp32projects/controlledPWM/build/spi_flash/libspi_flash.a(spi_flash_rom_patch.o)
                                         0x20 (size before relaxing)
 .literal.esp_rom_spiflash_erase_sector
                0x0000000040080d44        0x0 /opt/esp/esp32projects/controlledPWM/build/spi_flash/libspi_flash.a(spi_flash_rom_patch.o)
                                         0x20 (size before relaxing)
 .literal.esp_rom_spiflash_write
                0x0000000040080d44        0x0 /opt/esp/esp32projects/controlledPWM/build/spi_flash/libspi_flash.a(spi_flash_rom_patch.o)
                                         0x28 (size before relaxing)
 .literal.esp_rom_spiflash_write_encrypted
                0x0000000040080d44        0xc /opt/esp/esp32projects/controlledPWM/build/spi_flash/libspi_flash.a(spi_flash_rom_patch.o)
                                         0x10 (size before relaxing)
 .literal.esp_rom_spiflash_read
                0x0000000040080d50       0x30 /opt/esp/esp32projects/controlledPWM/build/spi_flash/libspi_flash.a(spi_flash_rom_patch.o)
                                         0x5c (size before relaxing)
 .literal       0x0000000040080d80        0x8 /opt/esp/esp-idf/components/newlib/lib/libm.a(lib_a-s_fpclassify.o)
                                         0x18 (size before relaxing)
 .iram1         0x0000000040080d88      0x1f1 /opt/esp/esp32projects/controlledPWM/build/esp32/libesp32.a(system_api.o)
                                        0x244 (size before relaxing)
                0x0000000040080e00                esp_restart_noos
                0x0000000040080f58                esp_restart
                0x0000000040080f58                system_restart
 *fill*         0x0000000040080f79        0x3 
 .iram1         0x0000000040080f7c      0x25a /opt/esp/esp32projects/controlledPWM/build/esp32/libesp32.a(cpu_start.o)
                                        0x30e (size before relaxing)
                0x0000000040080f7c                start_cpu0
                0x0000000040080f7c                start_cpu0_default
                0x000000004008104c                start_cpu1_default
                0x000000004008104c                start_cpu1
                0x00000000400810c8                call_start_cpu0
 *fill*         0x00000000400811d6        0x2 
 .iram1         0x00000000400811d8       0x47 /opt/esp/esp32projects/controlledPWM/build/esp32/libesp32.a(clk.o)
                                         0x4b (size before relaxing)
                0x00000000400811d8                esp_clk_cpu_freq
                0x00000000400811e8                esp_clk_apb_freq
                0x0000000040081200                esp_clk_xtal_freq
                0x0000000040081210                ets_update_cpu_frequency
 *fill*         0x000000004008121f        0x1 
 .iram1         0x0000000040081220       0xb0 /opt/esp/esp32projects/controlledPWM/build/esp32/libesp32.a(crosscore_int.o)
                                         0xc0 (size before relaxing)
                0x00000000400812b8                esp_crosscore_int_send_yield
                0x00000000400812c4                esp_crosscore_int_send_freq_switch
 .iram1         0x00000000400812d0       0x2c /opt/esp/esp32projects/controlledPWM/build/esp32/libesp32.a(cache_err_int.o)
                                         0x34 (size before relaxing)
                0x00000000400812d0                esp_cache_err_get_cpuid
 .iram1         0x00000000400812fc       0x7f /opt/esp/esp32projects/controlledPWM/build/esp32/libesp32.a(ipc.o)
                                         0x8b (size before relaxing)
 *fill*         0x000000004008137b        0x1 
 .iram1         0x000000004008137c      0x2b6 /opt/esp/esp32projects/controlledPWM/build/esp32/libesp32.a(intr_alloc.o)
                                        0x2ce (size before relaxing)
                0x00000000400813b8                esp_intr_set_in_iram
                0x0000000040081440                esp_intr_enable
                0x00000000400814c8                esp_intr_disable
                0x0000000040081590                esp_intr_noniram_disable
                0x00000000400815dc                esp_intr_noniram_enable
                0x000000004008161c                ets_isr_unmask
                0x0000000040081628                ets_isr_mask
 *fill*         0x0000000040081632        0x2 
 .iram1         0x0000000040081634       0x53 /opt/esp/esp32projects/controlledPWM/build/esp32/libesp32.a(int_wdt.o)
 *fill*         0x0000000040081687        0x1 
 .iram1         0x0000000040081688      0x205 /opt/esp/esp32projects/controlledPWM/build/esp32/libesp32.a(esp_timer.o)
                                        0x219 (size before relaxing)
                0x00000000400817a4                esp_timer_stop
                0x00000000400817c8                esp_timer_get_next_alarm
                0x00000000400817e8                esp_timer_get_time
                0x00000000400817f8                esp_timer_start_once
                0x000000004008183c                esp_timer_start_periodic
 *fill*         0x000000004008188d        0x3 
 .iram1         0x0000000040081890      0x1e3 /opt/esp/esp32projects/controlledPWM/build/esp32/libesp32.a(dport_access.o)
                                        0x1ef (size before relaxing)
                0x0000000040081890                esp_dport_access_stall_other_cpu_start
                0x0000000040081940                esp_dport_access_stall_other_cpu_end
                0x00000000400819bc                esp_dport_access_stall_other_cpu_start_wrap
                0x00000000400819c4                esp_dport_access_stall_other_cpu_end_wrap
                0x00000000400819cc                esp_dport_access_int_pause
                0x00000000400819f0                esp_dport_access_int_abort
                0x0000000040081a04                esp_dport_access_int_resume
                0x0000000040081a28                esp_dport_access_reg_read
                0x0000000040081a40                esp_dport_access_sequence_reg_read
                0x0000000040081a4c                esp_dport_access_read_buffer
 *fill*         0x0000000040081a73        0x1 
 .iram1         0x0000000040081a74       0xda /opt/esp/esp32projects/controlledPWM/build/esp32/libesp32.a(dport_panic_highint_hdl.o)
                0x0000000040081a74                xt_highint4
                0x0000000040081b4e                ld_include_panic_highint_hdl
 *fill*         0x0000000040081b4e        0x2 
 .iram1         0x0000000040081b50      0x4af /opt/esp/esp32projects/controlledPWM/build/esp32/libesp32.a(esp_timer_esp32.o)
                                        0x4bb (size before relaxing)
                0x0000000040081c74                esp_timer_impl_get_time
                0x0000000040081de4                esp_timer_impl_set_alarm
                0x0000000040081f2c                esp_timer_impl_update_apb_freq
                0x0000000040081ff4                esp_timer_impl_get_min_period_us
 *fill*         0x0000000040081fff        0x1 
 .iram1         0x0000000040082000       0x27 /opt/esp/esp32projects/controlledPWM/build/esp32/libesp32.a(freertos_hooks.o)
                0x0000000040082000                esp_vApplicationTickHook
 *fill*         0x0000000040082027        0x1 
 .iram1         0x0000000040082028       0x1a /opt/esp/esp32projects/controlledPWM/build/freertos/libfreertos.a(port.o)
                0x0000000040082028                xPortInterruptedFromISRContext
 *fill*         0x0000000040082042        0x2 
 .iram1         0x0000000040082044      0x4b4 /opt/esp/esp32projects/controlledPWM/build/freertos/libfreertos.a(xtensa_vectors.o)
                0x0000000040082044                _xt_panic
                0x000000004008215c                _xt_user_exit
                0x0000000040082448                _xt_medint2_exit
                0x00000000400824e4                _xt_medint3_exit
 .iram1         0x00000000400824f8      0x3f1 /opt/esp/esp32projects/controlledPWM/build/heap/libheap.a(heap_caps.o)
                                        0x40d (size before relaxing)
                0x0000000040082588                heap_caps_malloc
                0x0000000040082628                heap_caps_malloc_default
                0x000000004008266c                heap_caps_malloc_prefer
                0x00000000400826c4                heap_caps_free
                0x00000000400826fc                heap_caps_realloc
                0x00000000400827a8                heap_caps_realloc_default
                0x0000000040082800                heap_caps_realloc_prefer
                0x0000000040082864                heap_caps_calloc
                0x0000000040082894                heap_caps_calloc_prefer
 *fill*         0x00000000400828e9        0x3 
 .iram1         0x00000000400828ec      0x18a /opt/esp/esp32projects/controlledPWM/build/log/liblog.a(log.o)
                                        0x19a (size before relaxing)
                0x00000000400828ec                esp_log_write
                0x0000000040082a1c                esp_log_early_timestamp
                0x0000000040082a38                esp_log_timestamp
 *fill*         0x0000000040082a76        0x2 
 .iram1         0x0000000040082a78       0x70 /opt/esp/esp32projects/controlledPWM/build/newlib/libnewlib.a(time.o)
                                         0x74 (size before relaxing)
                0x0000000040082a78                _gettimeofday_r
                0x0000000040082ac0                _times_r
 .iram1         0x0000000040082ae8       0x3c /opt/esp/esp32projects/controlledPWM/build/newlib/libnewlib.a(reent_init.o)
                0x0000000040082ae8                esp_reent_init
 .iram1         0x0000000040082b24       0x5a /opt/esp/esp32projects/controlledPWM/build/newlib/libnewlib.a(syscalls.o)
                                         0x62 (size before relaxing)
                0x0000000040082b24                _malloc_r
                0x0000000040082b30                _free_r
                0x0000000040082b3c                _realloc_r
                0x0000000040082b50                _calloc_r
 *fill*         0x0000000040082b7e        0x2 
 .iram1         0x0000000040082b80      0x1cc /opt/esp/esp32projects/controlledPWM/build/newlib/libnewlib.a(locks.o)
                                        0x210 (size before relaxing)
                0x0000000040082c98                _lock_init
                0x0000000040082ca8                _lock_init_recursive
                0x0000000040082cb8                _lock_close
                0x0000000040082cf4                _lock_acquire
                0x0000000040082d04                _lock_acquire_recursive
                0x0000000040082d14                _lock_try_acquire
                0x0000000040082d24                _lock_try_acquire_recursive
                0x0000000040082d34                _lock_release
                0x0000000040082d40                _lock_release_recursive
 .iram1         0x0000000040082d4c      0x11a /opt/esp/esp32projects/controlledPWM/build/soc/libsoc.a(cpu_util.o)
                0x0000000040082d4c                esp_cpu_stall
                0x0000000040082de0                esp_cpu_unstall
                0x0000000040082e34                esp_cpu_reset
                0x0000000040082e58                esp_cpu_in_ocd_debug_mode
 *fill*         0x0000000040082e66        0x2 
 .iram1         0x0000000040082e68      0x2f4 /opt/esp/esp32projects/controlledPWM/build/spi_flash/libspi_flash.a(cache_utils.o)
                                        0x340 (size before relaxing)
                0x0000000040082ecc                spi_flash_op_block_func
                0x0000000040082f78                spi_flash_disable_interrupts_caches_and_other_cpu
                0x0000000040083058                spi_flash_enable_interrupts_caches_and_other_cpu
                0x00000000400830f0                spi_flash_disable_interrupts_caches_and_other_cpu_no_os
                0x000000004008311c                spi_flash_enable_interrupts_caches_no_os
                0x0000000040083138                spi_flash_cache_enabled
 .iram1         0x000000004008315c      0x722 /opt/esp/esp32projects/controlledPWM/build/spi_flash/libspi_flash.a(flash_ops.o)
                                        0x74a (size before relaxing)
                0x00000000400831cc                spi_flash_guard_set
                0x00000000400831d8                spi_flash_guard_get
                0x00000000400831e4                spi_flash_get_chip_size
                0x00000000400831f0                spi_flash_erase_range
                0x00000000400832a8                spi_flash_erase_sector
                0x00000000400832cc                spi_flash_write
                0x0000000040083494                spi_flash_read
                0x000000004008372c                spi_flash_read_encrypted
                0x0000000040083774                spi_flash_write_encrypted
 *fill*         0x000000004008387e        0x2 
 .iram1         0x0000000040083880      0x4ce /opt/esp/esp32projects/controlledPWM/build/spi_flash/libspi_flash.a(flash_mmap.o)
                                        0x502 (size before relaxing)
                0x00000000400839ac                spi_flash_mmap_pages
                0x0000000040083bec                spi_flash_mmap
                0x0000000040083c60                spi_flash_munmap
                0x0000000040083d04                spi_flash_mark_modified_region
 *fill*         0x0000000040083d4e        0x2 
 .iram1         0x0000000040083d50      0x204 /opt/esp/esp32projects/controlledPWM/build/driver/libdriver.a(ledc.o)
                                        0x210 (size before relaxing)
                0x0000000040083e34                ledc_fade_isr
 *fill*         0x0000000040083f54        0x0 
 *fill*         0x0000000040083f54        0x0 
 *fill*         0x0000000040083f54        0x0 
 *fill*         0x0000000040083f54        0x0 
 *fill*         0x0000000040083f54        0x0 
 *fill*         0x0000000040083f54        0x0 
 *fill*         0x0000000040083f54        0x0 
 *fill*         0x0000000040083f54        0x0 
 .iram1         0x0000000040083f54       0x20 /opt/esp/esp32projects/controlledPWM/build/esp32/libesp32.a(dbg_stubs.o)
 *fill*         0x0000000040083f74        0x0 
 *fill*         0x0000000040083f74        0x0 
 *fill*         0x0000000040083f74        0x0 
 .iram1         0x0000000040083f74       0x2e /opt/esp/esp32projects/controlledPWM/build/freertos/libfreertos.a(xtensa_vector_defaults.o)
                0x0000000040083f74                xt_debugexception
                0x0000000040083f94                xt_highint5
                0x0000000040083f9c                _xt_nmi
                0x0000000040083f9c                xt_nmi
 *fill*         0x0000000040083fa2        0x0 
 *fill*         0x0000000040083fa2        0x0 
 *fill*         0x0000000040083fa2        0x0 
 *fill*         0x0000000040083fa2        0x0 
 *fill*         0x0000000040083fa2        0x0 
 *fill*         0x0000000040083fa2        0x0 
 *fill*         0x0000000040083fa2        0x0 
 *libfreertos.a:(.literal .text .literal.* .text.*)
 *fill*         0x0000000040083fa2        0x2 
 .text.xt_unhandled_interrupt
                0x0000000040083fa4       0x16 /opt/esp/esp32projects/controlledPWM/build/freertos/libfreertos.a(xtensa_intr.o)
                0x0000000040083fa4                xt_unhandled_interrupt
 *fill*         0x0000000040083fba        0x2 
 .text.xt_set_interrupt_handler
                0x0000000040083fbc       0x46 /opt/esp/esp32projects/controlledPWM/build/freertos/libfreertos.a(xtensa_intr.o)
                0x0000000040083fbc                xt_set_interrupt_handler
 *fill*         0x0000000040084002        0x2 
 .text.prvIsQueueFull
                0x0000000040084004       0x2a /opt/esp/esp32projects/controlledPWM/build/freertos/libfreertos.a(queue.o)
 *fill*         0x000000004008402e        0x2 
 .text.prvCopyDataToQueue
                0x0000000040084030       0x9e /opt/esp/esp32projects/controlledPWM/build/freertos/libfreertos.a(queue.o)
 *fill*         0x00000000400840ce        0x2 
 .text.prvNotifyQueueSetContainer
                0x00000000400840d0       0x77 /opt/esp/esp32projects/controlledPWM/build/freertos/libfreertos.a(queue.o)
                                         0x8a (size before relaxing)
 *fill*         0x0000000040084147        0x1 
 .text.prvCopyDataFromQueue
                0x0000000040084148       0x24 /opt/esp/esp32projects/controlledPWM/build/freertos/libfreertos.a(queue.o)
 .text.xQueueGenericReset
                0x000000004008416c       0x86 /opt/esp/esp32projects/controlledPWM/build/freertos/libfreertos.a(queue.o)
                                         0x96 (size before relaxing)
                0x000000004008416c                xQueueGenericReset
 *fill*         0x00000000400841f2        0x2 
 .text.prvInitialiseNewQueue
                0x00000000400841f4       0x1f /opt/esp/esp32projects/controlledPWM/build/freertos/libfreertos.a(queue.o)
                                         0x23 (size before relaxing)
 *fill*         0x0000000040084213        0x1 
 .text.xQueueGenericCreate
                0x0000000040084214       0x49 /opt/esp/esp32projects/controlledPWM/build/freertos/libfreertos.a(queue.o)
                                         0x4d (size before relaxing)
                0x0000000040084214                xQueueGenericCreate
 *fill*         0x000000004008425d        0x3 
 .text.xQueueGetMutexHolder
                0x0000000040084260       0x23 /opt/esp/esp32projects/controlledPWM/build/freertos/libfreertos.a(queue.o)
                0x0000000040084260                xQueueGetMutexHolder
 *fill*         0x0000000040084283        0x1 
 .text.xQueueCreateCountingSemaphore
                0x0000000040084284       0x66 /opt/esp/esp32projects/controlledPWM/build/freertos/libfreertos.a(queue.o)
                                         0x6a (size before relaxing)
                0x0000000040084284                xQueueCreateCountingSemaphore
 *fill*         0x00000000400842ea        0x2 
 .text.xQueueGenericSend
                0x00000000400842ec      0x158 /opt/esp/esp32projects/controlledPWM/build/freertos/libfreertos.a(queue.o)
                                        0x18c (size before relaxing)
                0x00000000400842ec                xQueueGenericSend
 .text.prvInitialiseMutex
                0x0000000040084444       0x22 /opt/esp/esp32projects/controlledPWM/build/freertos/libfreertos.a(queue.o)
                                         0x26 (size before relaxing)
 *fill*         0x0000000040084466        0x2 
 .text.xQueueCreateMutex
                0x0000000040084468       0x16 /opt/esp/esp32projects/controlledPWM/build/freertos/libfreertos.a(queue.o)
                                         0x1a (size before relaxing)
                0x0000000040084468                xQueueCreateMutex
 *fill*         0x000000004008447e        0x2 
 .text.xQueueGiveMutexRecursive
                0x0000000040084480       0x48 /opt/esp/esp32projects/controlledPWM/build/freertos/libfreertos.a(queue.o)
                                         0x4c (size before relaxing)
                0x0000000040084480                xQueueGiveMutexRecursive
 .text.xQueueGenericSendFromISR
                0x00000000400844c8       0xd6 /opt/esp/esp32projects/controlledPWM/build/freertos/libfreertos.a(queue.o)
                                         0xe6 (size before relaxing)
                0x00000000400844c8                xQueueGenericSendFromISR
 *fill*         0x000000004008459e        0x2 
 .text.xQueueGiveFromISR
                0x00000000400845a0       0xb6 /opt/esp/esp32projects/controlledPWM/build/freertos/libfreertos.a(queue.o)
                                         0xc2 (size before relaxing)
                0x00000000400845a0                xQueueGiveFromISR
 *fill*         0x0000000040084656        0x2 
 .text.xQueueGenericReceive
                0x0000000040084658      0x144 /opt/esp/esp32projects/controlledPWM/build/freertos/libfreertos.a(queue.o)
                                        0x178 (size before relaxing)
                0x0000000040084658                xQueueGenericReceive
 .text.xQueueTakeMutexRecursive
                0x000000004008479c       0x51 /opt/esp/esp32projects/controlledPWM/build/freertos/libfreertos.a(queue.o)
                0x000000004008479c                xQueueTakeMutexRecursive
 *fill*         0x00000000400847ed        0x3 
 .text.xQueueReceiveFromISR
                0x00000000400847f0       0x96 /opt/esp/esp32projects/controlledPWM/build/freertos/libfreertos.a(queue.o)
                                         0xa6 (size before relaxing)
                0x00000000400847f0                xQueueReceiveFromISR
 *fill*         0x0000000040084886        0x2 
 .text.vQueueDelete
                0x0000000040084888       0x28 /opt/esp/esp32projects/controlledPWM/build/freertos/libfreertos.a(queue.o)
                0x0000000040084888                vQueueDelete
 .text.vQueueWaitForMessageRestricted
                0x00000000400848b0       0x23 /opt/esp/esp32projects/controlledPWM/build/freertos/libfreertos.a(queue.o)
                                         0x2a (size before relaxing)
                0x00000000400848b0                vQueueWaitForMessageRestricted
 *fill*         0x00000000400848d3        0x1 
 .text.vPortTaskWrapper
                0x00000000400848d4       0x26 /opt/esp/esp32projects/controlledPWM/build/freertos/libfreertos.a(port.o)
                                         0x32 (size before relaxing)
 *fill*         0x00000000400848fa        0x2 
 .text.pxPortInitialiseStack
                0x00000000400848fc       0x8a /opt/esp/esp32projects/controlledPWM/build/freertos/libfreertos.a(port.o)
                0x00000000400848fc                pxPortInitialiseStack
 *fill*         0x0000000040084986        0x2 
 .text.xPortStartScheduler
                0x0000000040084988       0x22 /opt/esp/esp32projects/controlledPWM/build/freertos/libfreertos.a(port.o)
                                         0x2e (size before relaxing)
                0x0000000040084988                xPortStartScheduler
 *fill*         0x00000000400849aa        0x2 
 .text.xPortSysTickHandler
                0x00000000400849ac       0x10 /opt/esp/esp32projects/controlledPWM/build/freertos/libfreertos.a(port.o)
                                         0x16 (size before relaxing)
                0x00000000400849ac                xPortSysTickHandler
 *fill*         0x00000000400849bc        0x0 
 .text.vPortYieldOtherCore
                0x00000000400849bc        0xa /opt/esp/esp32projects/controlledPWM/build/freertos/libfreertos.a(port.o)
                                          0xe (size before relaxing)
                0x00000000400849bc                vPortYieldOtherCore
 *fill*         0x00000000400849c6        0x2 
 .text.vPortReleaseTaskMPUSettings
                0x00000000400849c8        0xa /opt/esp/esp32projects/controlledPWM/build/freertos/libfreertos.a(port.o)
                                          0xe (size before relaxing)
                0x00000000400849c8                vPortReleaseTaskMPUSettings
 *fill*         0x00000000400849d2        0x2 
 .text.xPortInIsrContext
                0x00000000400849d4       0x26 /opt/esp/esp32projects/controlledPWM/build/freertos/libfreertos.a(port.o)
                0x00000000400849d4                xPortInIsrContext
 *fill*         0x00000000400849fa        0x2 
 .text.vPortCPUInitializeMutex
                0x00000000400849fc        0xe /opt/esp/esp32projects/controlledPWM/build/freertos/libfreertos.a(port.o)
                0x00000000400849fc                vPortCPUInitializeMutex
 *fill*         0x0000000040084a0a        0x2 
 .text.vPortCPUAcquireMutex
                0x0000000040084a0c       0x81 /opt/esp/esp32projects/controlledPWM/build/freertos/libfreertos.a(port.o)
                                         0x88 (size before relaxing)
                0x0000000040084a0c                vPortCPUAcquireMutex
 *fill*         0x0000000040084a8d        0x3 
 .text.vPortCPUReleaseMutex
                0x0000000040084a90       0x4d /opt/esp/esp32projects/controlledPWM/build/freertos/libfreertos.a(port.o)
                                         0x50 (size before relaxing)
                0x0000000040084a90                vPortCPUReleaseMutex
 *fill*         0x0000000040084add        0x3 
 .text.prvResetNextTaskUnblockTime
                0x0000000040084ae0       0x34 /opt/esp/esp32projects/controlledPWM/build/freertos/libfreertos.a(tasks.o)
 .text.prvDeleteTLS
                0x0000000040084b14       0x40 /opt/esp/esp32projects/controlledPWM/build/freertos/libfreertos.a(tasks.o)
 .text.prvInitialiseNewTask
                0x0000000040084b54       0xc4 /opt/esp/esp32projects/controlledPWM/build/freertos/libfreertos.a(tasks.o)
                                         0xd0 (size before relaxing)
 .text.prvInitialiseTaskLists
                0x0000000040084c18       0x5a /opt/esp/esp32projects/controlledPWM/build/freertos/libfreertos.a(tasks.o)
                                         0x6e (size before relaxing)
 *fill*         0x0000000040084c72        0x2 
 .text.prvDeleteTCB
                0x0000000040084c74       0x56 /opt/esp/esp32projects/controlledPWM/build/freertos/libfreertos.a(tasks.o)
                                         0x5d (size before relaxing)
 *fill*         0x0000000040084cca        0x2 
 .text.prvAddCurrentTaskToDelayedList
                0x0000000040084ccc       0x66 /opt/esp/esp32projects/controlledPWM/build/freertos/libfreertos.a(tasks.o)
                                         0x6a (size before relaxing)
 *fill*         0x0000000040084d32        0x2 
 .text.taskYIELD_OTHER_CORE
                0x0000000040084d34       0x53 /opt/esp/esp32projects/controlledPWM/build/freertos/libfreertos.a(tasks.o)
                0x0000000040084d34                taskYIELD_OTHER_CORE
 *fill*         0x0000000040084d87        0x1 
 .text.vTaskSuspendAll
                0x0000000040084d88       0x26 /opt/esp/esp32projects/controlledPWM/build/freertos/libfreertos.a(tasks.o)
                0x0000000040084d88                vTaskSuspendAll
 *fill*         0x0000000040084dae        0x2 
 .text.xTaskGetIdleTaskHandleForCPU
                0x0000000040084db0       0x2a /opt/esp/esp32projects/controlledPWM/build/freertos/libfreertos.a(tasks.o)
                                         0x2e (size before relaxing)
                0x0000000040084db0                xTaskGetIdleTaskHandleForCPU
 *fill*         0x0000000040084dda        0x2 
 .text.vTaskSwitchContext
                0x0000000040084ddc      0x27e /opt/esp/esp32projects/controlledPWM/build/freertos/libfreertos.a(tasks.o)
                                        0x28a (size before relaxing)
                0x0000000040084ddc                vTaskSwitchContext
 *fill*         0x000000004008505a        0x2 
 .text.vTaskSetTimeOutState
                0x000000004008505c       0x34 /opt/esp/esp32projects/controlledPWM/build/freertos/libfreertos.a(tasks.o)
                0x000000004008505c                vTaskSetTimeOutState
 .text.xTaskGetCurrentTaskHandle
                0x0000000040085090       0x1f /opt/esp/esp32projects/controlledPWM/build/freertos/libfreertos.a(tasks.o)
                0x0000000040085090                xTaskGetCurrentTaskHandle
 *fill*         0x00000000400850af        0x1 
 .text.__getreent
                0x00000000400850b0       0x19 /opt/esp/esp32projects/controlledPWM/build/freertos/libfreertos.a(tasks.o)
                0x00000000400850b0                __getreent
 *fill*         0x00000000400850c9        0x3 
 .text.pcTaskGetTaskName
                0x00000000400850cc       0x2a /opt/esp/esp32projects/controlledPWM/build/freertos/libfreertos.a(tasks.o)
                                         0x2d (size before relaxing)
                0x00000000400850cc                pcTaskGetTaskName
 *fill*         0x00000000400850f6        0x2 
 .text.xTaskGetAffinity
                0x00000000400850f8       0x10 /opt/esp/esp32projects/controlledPWM/build/freertos/libfreertos.a(tasks.o)
                                         0x13 (size before relaxing)
                0x00000000400850f8                xTaskGetAffinity
 *fill*         0x0000000040085108        0x0 
 .text.xTaskGetCurrentTaskHandleForCPU
                0x0000000040085108       0x18 /opt/esp/esp32projects/controlledPWM/build/freertos/libfreertos.a(tasks.o)
                0x0000000040085108                xTaskGetCurrentTaskHandleForCPU
 .text.xTaskGetSchedulerState
                0x0000000040085120       0x37 /opt/esp/esp32projects/controlledPWM/build/freertos/libfreertos.a(tasks.o)
                0x0000000040085120                xTaskGetSchedulerState
 *fill*         0x0000000040085157        0x1 
 .text.vTaskEnterCritical
                0x0000000040085158       0xac /opt/esp/esp32projects/controlledPWM/build/freertos/libfreertos.a(tasks.o)
                                         0xb3 (size before relaxing)
                0x0000000040085158                vTaskEnterCritical
 *fill*         0x0000000040085204        0x0 
 .text.vTaskExitCritical
                0x0000000040085204       0x77 /opt/esp/esp32projects/controlledPWM/build/freertos/libfreertos.a(tasks.o)
                0x0000000040085204                vTaskExitCritical
 *fill*         0x000000004008527b        0x1 
 .text.prvAddNewTaskToReadyList
                0x000000004008527c      0x160 /opt/esp/esp32projects/controlledPWM/build/freertos/libfreertos.a(tasks.o)
                                        0x173 (size before relaxing)
 *fill*         0x00000000400853dc        0x0 
 .text.xTaskCreatePinnedToCore
                0x00000000400853dc       0x6e /opt/esp/esp32projects/controlledPWM/build/freertos/libfreertos.a(tasks.o)
                                         0x76 (size before relaxing)
                0x00000000400853dc                xTaskCreatePinnedToCore
 *fill*         0x000000004008544a        0x2 
 .text.vTaskStartScheduler
                0x000000004008544c       0x77 /opt/esp/esp32projects/controlledPWM/build/freertos/libfreertos.a(tasks.o)
                                         0x82 (size before relaxing)
                0x000000004008544c                vTaskStartScheduler
 *fill*         0x00000000400854c3        0x1 
 .text.vTaskDelete
                0x00000000400854c4      0x10a /opt/esp/esp32projects/controlledPWM/build/freertos/libfreertos.a(tasks.o)
                                        0x122 (size before relaxing)
                0x00000000400854c4                vTaskDelete
 *fill*         0x00000000400855ce        0x2 
 .text.vTaskDelay
                0x00000000400855d0       0x70 /opt/esp/esp32projects/controlledPWM/build/freertos/libfreertos.a(tasks.o)
                                         0x80 (size before relaxing)
                0x00000000400855d0                vTaskDelay
 .text.uxTaskPriorityGet
                0x0000000040085640       0x1c /opt/esp/esp32projects/controlledPWM/build/freertos/libfreertos.a(tasks.o)
                                         0x23 (size before relaxing)
                0x0000000040085640                uxTaskPriorityGet
 *fill*         0x000000004008565c        0x0 
 .text.vTaskPrioritySet
                0x000000004008565c      0x12d /opt/esp/esp32projects/controlledPWM/build/freertos/libfreertos.a(tasks.o)
                                        0x143 (size before relaxing)
                0x000000004008565c                vTaskPrioritySet
 *fill*         0x0000000040085789        0x3 
 .text.prvCheckTasksWaitingTermination
                0x000000004008578c       0xbe /opt/esp/esp32projects/controlledPWM/build/freertos/libfreertos.a(tasks.o)
                                         0xc6 (size before relaxing)
 *fill*         0x000000004008584a        0x2 
 .text.prvIdleTask
                0x000000004008584c        0xc /opt/esp/esp32projects/controlledPWM/build/freertos/libfreertos.a(tasks.o)
                                         0x12 (size before relaxing)
 *fill*         0x0000000040085858        0x0 
 .text.xTaskGetTickCount
                0x0000000040085858       0x1c /opt/esp/esp32projects/controlledPWM/build/freertos/libfreertos.a(tasks.o)
                                         0x20 (size before relaxing)
                0x0000000040085858                xTaskGetTickCount
 .text.xTaskIncrementTick
                0x0000000040085874      0x1b2 /opt/esp/esp32projects/controlledPWM/build/freertos/libfreertos.a(tasks.o)
                                        0x1ce (size before relaxing)
                0x0000000040085874                xTaskIncrementTick
 *fill*         0x0000000040085a26        0x2 
 .text.xTaskResumeAll
                0x0000000040085a28      0x177 /opt/esp/esp32projects/controlledPWM/build/freertos/libfreertos.a(tasks.o)
                                        0x186 (size before relaxing)
                0x0000000040085a28                xTaskResumeAll
 *fill*         0x0000000040085b9f        0x1 
 .text.vTaskPlaceOnEventList
                0x0000000040085ba0       0x83 /opt/esp/esp32projects/controlledPWM/build/freertos/libfreertos.a(tasks.o)
                                         0x97 (size before relaxing)
                0x0000000040085ba0                vTaskPlaceOnEventList
 *fill*         0x0000000040085c23        0x1 
 .text.vTaskPlaceOnEventListRestricted
                0x0000000040085c24       0x5b /opt/esp/esp32projects/controlledPWM/build/freertos/libfreertos.a(tasks.o)
                                         0x6f (size before relaxing)
                0x0000000040085c24                vTaskPlaceOnEventListRestricted
 *fill*         0x0000000040085c7f        0x1 
 .text.xTaskRemoveFromEventList
                0x0000000040085c80      0x134 /opt/esp/esp32projects/controlledPWM/build/freertos/libfreertos.a(tasks.o)
                                        0x143 (size before relaxing)
                0x0000000040085c80                xTaskRemoveFromEventList
 *fill*         0x0000000040085db4        0x0 
 .text.xTaskCheckForTimeOut
                0x0000000040085db4       0x89 /opt/esp/esp32projects/controlledPWM/build/freertos/libfreertos.a(tasks.o)
                                         0x94 (size before relaxing)
                0x0000000040085db4                xTaskCheckForTimeOut
 *fill*         0x0000000040085e3d        0x3 
 .text.vTaskPriorityInherit
                0x0000000040085e40       0xc4 /opt/esp/esp32projects/controlledPWM/build/freertos/libfreertos.a(tasks.o)
                                         0xdb (size before relaxing)
                0x0000000040085e40                vTaskPriorityInherit
 *fill*         0x0000000040085f04        0x0 
 .text.xTaskPriorityDisinherit
                0x0000000040085f04       0x97 /opt/esp/esp32projects/controlledPWM/build/freertos/libfreertos.a(tasks.o)
                                         0xaa (size before relaxing)
                0x0000000040085f04                xTaskPriorityDisinherit
 *fill*         0x0000000040085f9b        0x1 
 .text.pvTaskIncrementMutexHeldCount
                0x0000000040085f9c       0x50 /opt/esp/esp32projects/controlledPWM/build/freertos/libfreertos.a(tasks.o)
                                         0x54 (size before relaxing)
                0x0000000040085f9c                pvTaskIncrementMutexHeldCount
 .text.prvGetNextExpireTime
                0x0000000040085fec       0x20 /opt/esp/esp32projects/controlledPWM/build/freertos/libfreertos.a(timers.o)
 .text.prvInsertTimerInActiveList
                0x000000004008600c       0x50 /opt/esp/esp32projects/controlledPWM/build/freertos/libfreertos.a(timers.o)
                                         0x54 (size before relaxing)
 .text.prvCheckForValidListAndQueue
                0x000000004008605c       0x66 /opt/esp/esp32projects/controlledPWM/build/freertos/libfreertos.a(timers.o)
                                         0x7e (size before relaxing)
 *fill*         0x00000000400860c2        0x2 
 .text.xTimerCreateTimerTask
                0x00000000400860c4       0x48 /opt/esp/esp32projects/controlledPWM/build/freertos/libfreertos.a(timers.o)
                                         0x4c (size before relaxing)
                0x00000000400860c4                xTimerCreateTimerTask
 .text.xTimerGenericCommand
                0x000000004008610c       0x55 /opt/esp/esp32projects/controlledPWM/build/freertos/libfreertos.a(timers.o)
                                         0x5d (size before relaxing)
                0x000000004008610c                xTimerGenericCommand
 *fill*         0x0000000040086161        0x3 
 .text.prvSwitchTimerLists
                0x0000000040086164       0x76 /opt/esp/esp32projects/controlledPWM/build/freertos/libfreertos.a(timers.o)
                                         0x82 (size before relaxing)
 *fill*         0x00000000400861da        0x2 
 .text.prvSampleTimeNow
                0x00000000400861dc       0x2b /opt/esp/esp32projects/controlledPWM/build/freertos/libfreertos.a(timers.o)
                                         0x2f (size before relaxing)
 *fill*         0x0000000040086207        0x1 
 .text.prvProcessExpiredTimer
                0x0000000040086208       0x53 /opt/esp/esp32projects/controlledPWM/build/freertos/libfreertos.a(timers.o)
                                         0x5f (size before relaxing)
 *fill*         0x000000004008625b        0x1 
 .text.prvProcessTimerOrBlockTask
                0x000000004008625c       0x58 /opt/esp/esp32projects/controlledPWM/build/freertos/libfreertos.a(timers.o)
                                         0x6c (size before relaxing)
 .text.prvProcessReceivedCommands
                0x00000000400862b4       0xd6 /opt/esp/esp32projects/controlledPWM/build/freertos/libfreertos.a(timers.o)
                                         0xe6 (size before relaxing)
 *fill*         0x000000004008638a        0x2 
 .text.prvTimerTask
                0x000000004008638c       0x15 /opt/esp/esp32projects/controlledPWM/build/freertos/libfreertos.a(timers.o)
                                         0x1d (size before relaxing)
 *fill*         0x00000000400863a1        0x3 
 .text          0x00000000400863a4      0x12b /opt/esp/esp32projects/controlledPWM/build/freertos/libfreertos.a(xtensa_context.o)
                0x00000000400863a4                _xt_context_save
                0x000000004008640c                _xt_context_restore
                0x0000000040086450                _xt_coproc_init
                0x0000000040086464                _xt_coproc_release
                0x0000000040086490                _xt_coproc_savecs
                0x00000000400864b0                _xt_coproc_restorecs
 *fill*         0x00000000400864cf        0x1 
 .text          0x00000000400864d0      0x1d0 /opt/esp/esp32projects/controlledPWM/build/freertos/libfreertos.a(portasm.o)
                0x00000000400864d0                _frxt_setup_switch
                0x00000000400864e8                _frxt_int_enter
                0x0000000040086530                _frxt_int_exit
                0x0000000040086580                _frxt_timer_int
                0x00000000400865a8                _frxt_tick_timer_init
                0x00000000400865c0                _frxt_dispatch
                0x0000000040086608                vPortYield
                0x0000000040086654                vPortYieldFromInt
                0x0000000040086674                _frxt_task_coproc_state
 .text._xt_tick_divisor_init
                0x00000000400866a0       0x1c /opt/esp/esp32projects/controlledPWM/build/freertos/libfreertos.a(xtensa_init.o)
                                         0x1f (size before relaxing)
                0x00000000400866a0                _xt_tick_divisor_init
 *fill*         0x00000000400866bc        0x0 
 *fill*         0x00000000400866bc        0x0 
 .text.prvIsQueueEmpty
                0x00000000400866bc       0x12 /opt/esp/esp32projects/controlledPWM/build/freertos/libfreertos.a(queue.o)
 *fill*         0x00000000400866ce        0x0 
 *fill*         0x00000000400866ce        0x0 
 *fill*         0x00000000400866ce        0x0 
 *fill*         0x00000000400866ce        0x0 
 *fill*         0x00000000400866ce        0x0 
 *fill*         0x00000000400866ce        0x0 
 *fill*         0x00000000400866ce        0x0 
 *fill*         0x00000000400866ce        0x0 
 *fill*         0x00000000400866ce        0x0 
 *fill*         0x00000000400866ce        0x0 
 *fill*         0x00000000400866ce        0x0 
 *fill*         0x00000000400866ce        0x0 
 *fill*         0x00000000400866ce        0x0 
 *fill*         0x00000000400866ce        0x0 
 *fill*         0x00000000400866ce        0x0 
 *fill*         0x00000000400866ce        0x2 
 .text.vListInitialise
                0x00000000400866d0       0x15 /opt/esp/esp32projects/controlledPWM/build/freertos/libfreertos.a(list.o)
                0x00000000400866d0                vListInitialise
 *fill*         0x00000000400866e5        0x3 
 .text.vListInitialiseItem
                0x00000000400866e8        0x9 /opt/esp/esp32projects/controlledPWM/build/freertos/libfreertos.a(list.o)
                0x00000000400866e8                vListInitialiseItem
 *fill*         0x00000000400866f1        0x3 
 .text.vListInsertEnd
                0x00000000400866f4       0x1b /opt/esp/esp32projects/controlledPWM/build/freertos/libfreertos.a(list.o)
                0x00000000400866f4                vListInsertEnd
 *fill*         0x000000004008670f        0x1 
 .text.vListInsert
                0x0000000040086710       0x2f /opt/esp/esp32projects/controlledPWM/build/freertos/libfreertos.a(list.o)
                0x0000000040086710                vListInsert
 *fill*         0x000000004008673f        0x1 
 .text.uxListRemove
                0x0000000040086740       0x26 /opt/esp/esp32projects/controlledPWM/build/freertos/libfreertos.a(list.o)
                0x0000000040086740                uxListRemove
 *fill*         0x0000000040086766        0x0 
 *fill*         0x0000000040086766        0x0 
 *fill*         0x0000000040086766        0x0 
 *fill*         0x0000000040086766        0x0 
 *fill*         0x0000000040086766        0x0 
 *fill*         0x0000000040086766        0x2 
 .text.vPortStoreTaskMPUSettings
                0x0000000040086768       0x13 /opt/esp/esp32projects/controlledPWM/build/freertos/libfreertos.a(port.o)
                0x0000000040086768                vPortStoreTaskMPUSettings
 *fill*         0x000000004008677b        0x0 
 *fill*         0x000000004008677b        0x0 
 *fill*         0x000000004008677b        0x0 
 *fill*         0x000000004008677b        0x0 
 *fill*         0x000000004008677b        0x0 
 *fill*         0x000000004008677b        0x0 
 *fill*         0x000000004008677b        0x0 
 *fill*         0x000000004008677b        0x0 
 *fill*         0x000000004008677b        0x0 
 *fill*         0x000000004008677b        0x0 
 *fill*         0x000000004008677b        0x0 
 *fill*         0x000000004008677b        0x0 
 *fill*         0x000000004008677b        0x0 
 *fill*         0x000000004008677b        0x0 
 *fill*         0x000000004008677b        0x0 
 *fill*         0x000000004008677b        0x0 
 *fill*         0x000000004008677b        0x0 
 *fill*         0x000000004008677b        0x0 
 *fill*         0x000000004008677b        0x0 
 *fill*         0x000000004008677b        0x0 
 *fill*         0x000000004008677b        0x0 
 *fill*         0x000000004008677b        0x0 
 *fill*         0x000000004008677b        0x0 
 *fill*         0x000000004008677b        0x0 
 *fill*         0x000000004008677b        0x0 
 *fill*         0x000000004008677b        0x0 
 *fill*         0x000000004008677b        0x0 
 *fill*         0x000000004008677b        0x0 
 *fill*         0x000000004008677b        0x0 
 *fill*         0x000000004008677b        0x0 
 *fill*         0x000000004008677b        0x0 
 *fill*         0x000000004008677b        0x0 
 *fill*         0x000000004008677b        0x0 
 *fill*         0x000000004008677b        0x0 
 *fill*         0x000000004008677b        0x0 
 *fill*         0x000000004008677b        0x0 
 *fill*         0x000000004008677b        0x0 
 *fill*         0x000000004008677b        0x0 
 *fill*         0x000000004008677b        0x0 
 *fill*         0x000000004008677b        0x1 
 .text          0x000000004008677c       0x33 /opt/esp/esp32projects/controlledPWM/build/freertos/libfreertos.a(xtensa_intr_asm.o)
                0x000000004008677c                xt_ints_on
                0x0000000040086794                xt_ints_off
 *fill*         0x00000000400867af        0x0 